// Jest Snapshot v1, https://goo.gl/fbAQLP

exports[`Settings Snapshot renders correctly 1`] = `
<DocumentFragment>
  <div
    style="padding: 30px; min-height: 70vh; background-color: rgb(249, 249, 249); color: rgb(34, 34, 34); transition: 0.3s; text-align: center; display: flex; flex-direction: column; justify-content: center; align-items: center;"
  >
    <div
      style="background-color: rgb(255, 255, 255); padding: 20px 40px; border-radius: 12px; box-shadow: 0px 4px 12px rgba(0,0,0,0.2); max-width: 400px; width: 100%;"
    >
      <h1>
        Settings
      </h1>
      <div
        style="display: flex; justify-content: space-between; align-items: center; margin-top: 20px;"
      >
        <span>
          Light Mode
        </span>
        <div
          style="position: relative; display: inline-block; width: 60px; height: 34px;"
        >
          <div
            style="position: absolute; cursor: pointer; top: 0px; left: 0px; right: 0px; bottom: 0px; background-color: rgb(204, 204, 204); transition: .4s; border-radius: 34px;"
          />
          <div
            style="position: absolute; height: 26px; width: 26px; left: 4px; bottom: 4px; background-color: white; border-radius: 50%; transition: .4s;"
          />
        </div>
      </div>
    </div>
  </div>
</DocumentFragment>
`;
